// Jest Snapshot v1, https://goo.gl/fbAQLP

exports[`App component 1`] = `
<div
  className="container"
>
  <div
    className="row"
  >
    <div
      className="col-sm-12 col-md-3 col-lg-3 col-xl-3"
    >
      <div
        className="side-menu-card-container"
      >
        <div
          class="side-menu-card"
        >
          <div
            className="side-menu-content"
          >
            <div
              className="side-menu-list"
            >
              <a
                className="side-menu-item-link"
                onClick={[Function]}
              >
                <div
                  className="side-menu-item-active"
                >
                  <div
                    className="side-menu-item-image"
                  />
                  <div
                    className="text-space"
                  >
                    Give consent
                  </div>
                </div>
              </a>
              <a
                className="side-menu-item-link"
                onClick={[Function]}
              >
                <div
                  className="side-menu-item"
                >
                  <div
                    className="side-menu-item-image"
                  />
                  <div
                    className="text-space"
                  >
                    Collected consents
                  </div>
                </div>
              </a>
            </div>
          </div>
        </div>
      </div>
    </div>
    <div
      className="col-sm-12 col-md-9 col-lg-9 col-xl-9"
    >
      <div
        class="side-menu-card"
      >
        get consent from user
      </div>
    </div>
  </div>
</div>
`;
