// Jest Snapshot v1, https://goo.gl/fbAQLP

exports[`Input component 1`] = `<input />`;
