// Jest Snapshot v1, https://goo.gl/fbAQLP

exports[`Button component 1`] = `
<button>
  <div />
</button>
`;
